[SV] Opening ci.pcap
[C-DPI] Successfully opened ci.pcap
[SV] Datalink DLT=1 (Ethernet)
[SV] Streaming up to 8 packets into port A (BP=2, random tready)
[SV] Packet #1 port A  54 B (wire 54) ts=1.000000
[BR] A FLOOD  54 B  da=020000000002 sa=020000000001
[SV] Packet #2 port A  54 B (wire 54) ts=2.000000
[BR] A FILTER  54 B  da=020000000001 sa=020000000002
[SV] Packet #3 port A  54 B (wire 54) ts=3.000000
[BR] A FILTER  54 B  da=020000000002 sa=020000000001
[SV] Packet #4 port A  62 B (wire 62) ts=4.000000
[BR] A FILTER  62 B  da=020000000002 sa=020000000001
[SV] Packet #5 port A  62 B (wire 62) ts=5.000000
[BR] A FILTER  62 B  da=020000000001 sa=020000000002
[SV] Packet #6 port A  42 B (wire 42) ts=6.000000
[BR] A FLOOD  42 B  da=ffffffffffff sa=020000000001
[SV] Packet #7 port A  42 B (wire 42) ts=7.000000
[BR] A FILTER  42 B  da=020000000001 sa=020000000002

[SV] Reached end of PCAP before hitting the packet cap.

[SV] Simulation finished. File=ci.pcap  Streamed 7 packets.
[BR] rx_a=7  rx_b=0  tx_a=0  tx_b=2  flood=2  fwd=0  filter=5  drop=0  byte_mis=0  mis=0
- hdl/tb_l2br.sv:554: Verilog $finish
- S i m u l a t i o n   R e p o r t: Verilator 5.032 2025-01-01
- Verilator: $finish at 10us; walltime 0.014 s; speed 708.241 us/s
- Verilator: cpu 0.014 s on 1 threads; alloced 25 MB
