[SV] Opening ns1_iperf.pcap
[C-DPI] Successfully opened ns1_iperf.pcap
[SV] Datalink DLT=1 (Ethernet)
[SV] Streaming up to 64 packets into port A (BP=2, random tready)
[SV] Packet #1 port A  74 B (wire 74) ts=1790921116.894162
[BR] A FLOOD  74 B  da=badc18c5a289 sa=020000000001
[SV] Packet #2 port A  74 B (wire 74) ts=1790921116.894179
[BR] A FILTER  74 B  da=020000000001 sa=badc18c5a289
[SV] Packet #3 port A  66 B (wire 66) ts=1790921116.894186
[BR] A FILTER  66 B  da=badc18c5a289 sa=020000000001
[SV] Packet #4 port A  103 B (wire 103) ts=1790921116.894269
[BR] A FILTER  103 B  da=badc18c5a289 sa=020000000001
[SV] Packet #5 port A  66 B (wire 66) ts=1790921116.894274
[BR] A FILTER  66 B  da=020000000001 sa=badc18c5a289
[SV] Packet #6 port A  67 B (wire 67) ts=1790921116.894354
[BR] A FILTER  67 B  da=020000000001 sa=badc18c5a289
[SV] Packet #7 port A  66 B (wire 66) ts=1790921116.894387
[BR] A FILTER  66 B  da=badc18c5a289 sa=020000000001
[SV] Packet #8 port A  70 B (wire 70) ts=1790921116.894559
[BR] A FILTER  70 B  da=badc18c5a289 sa=020000000001
[SV] Packet #9 port A  189 B (wire 189) ts=1790921116.894593
[BR] A FILTER  189 B  da=badc18c5a289 sa=020000000001
[SV] Packet #10 port A  66 B (wire 66) ts=1790921116.894943
[BR] A FILTER  66 B  da=020000000001 sa=badc18c5a289
[SV] Packet #11 port A  67 B (wire 67) ts=1790921116.894975
[BR] A FILTER  67 B  da=020000000001 sa=badc18c5a289
[SV] Packet #12 port A  74 B (wire 74) ts=1790921116.895086
[BR] A FILTER  74 B  da=badc18c5a289 sa=020000000001
[SV] Packet #13 port A  74 B (wire 74) ts=1790921116.895095
[BR] A FILTER  74 B  da=020000000001 sa=badc18c5a289
[SV] Packet #14 port A  66 B (wire 66) ts=1790921116.895099
[BR] A FILTER  66 B  da=badc18c5a289 sa=020000000001
[SV] Packet #15 port A  103 B (wire 103) ts=1790921116.895107
[BR] A FILTER  103 B  da=badc18c5a289 sa=020000000001
[SV] Packet #16 port A  66 B (wire 66) ts=1790921116.895109
[BR] A FILTER  66 B  da=020000000001 sa=badc18c5a289
[SV] Packet #17 port A  67 B (wire 67) ts=1790921116.896221
[BR] A FILTER  67 B  da=020000000001 sa=badc18c5a289
[SV] Packet #18 port A  67 B (wire 67) ts=1790921116.896252
[BR] A FILTER  67 B  da=020000000001 sa=badc18c5a289
[SV] Packet #19 port A  66 B (wire 66) ts=1790921116.896514
[BR] A FILTER  66 B  da=badc18c5a289 sa=020000000001
[SV] Packet #20 port A  2048 B (wire 7306) ts=1790921116.896644
[BR] A FILTER  2048 B  da=badc18c5a289 sa=020000000001
[SV] Packet #21 port A  66 B (wire 66) ts=1790921116.896681
[BR] A FILTER  66 B  da=020000000001 sa=badc18c5a289
[SV] Packet #22 port A  2048 B (wire 7306) ts=1790921116.896689
[BR] A FILTER  2048 B  da=badc18c5a289 sa=020000000001
[SV] Packet #23 port A  66 B (wire 66) ts=1790921116.896691
[BR] A FILTER  66 B  da=020000000001 sa=badc18c5a289
[SV] Packet #24 port A  2048 B (wire 14546) ts=1790921116.896708
[BR] A FILTER  2048 B  da=badc18c5a289 sa=020000000001
[SV] Packet #25 port A  66 B (wire 66) ts=1790921116.896709
[BR] A FILTER  66 B  da=020000000001 sa=badc18c5a289
[SV] Packet #26 port A  2048 B (wire 14546) ts=1790921116.896711
[BR] A FILTER  2048 B  da=badc18c5a289 sa=020000000001
[SV] Packet #27 port A  66 B (wire 66) ts=1790921116.896713
[BR] A FILTER  66 B  da=020000000001 sa=badc18c5a289
[SV] Packet #28 port A  2048 B (wire 29026) ts=1790921116.896715
[BR] A FILTER  2048 B  da=badc18c5a289 sa=020000000001
[SV] Packet #29 port A  2048 B (wire 29026) ts=1790921116.896717
[BR] A FILTER  2048 B  da=badc18c5a289 sa=020000000001
[SV] Packet #30 port A  66 B (wire 66) ts=1790921116.896729
[BR] A FILTER  66 B  da=020000000001 sa=badc18c5a289
[SV] Packet #31 port A  2048 B (wire 57986) ts=1790921116.896741
[BR] A FILTER  2048 B  da=badc18c5a289 sa=020000000001
[SV] Packet #32 port A  2048 B (wire 37378) ts=1790921116.896805
[BR] A FILTER  2048 B  da=badc18c5a289 sa=020000000001
[SV] Packet #33 port A  66 B (wire 66) ts=1790921116.896814
[BR] A FILTER  66 B  da=020000000001 sa=badc18c5a289
[SV] Packet #34 port A  66 B (wire 66) ts=1790921116.896821
[BR] A FILTER  66 B  da=020000000001 sa=badc18c5a289
[SV] Packet #35 port A  2048 B (wire 65226) ts=1790921116.896826
[BR] A FILTER  2048 B  da=badc18c5a289 sa=020000000001
[SV] Packet #36 port A  2048 B (wire 30138) ts=1790921116.896853
[BR] A FILTER  2048 B  da=badc18c5a289 sa=020000000001
[SV] Packet #37 port A  66 B (wire 66) ts=1790921116.896883
[BR] A FILTER  66 B  da=020000000001 sa=badc18c5a289
[SV] Packet #38 port A  2048 B (wire 65226) ts=1790921116.896958
[BR] A FILTER  2048 B  da=badc18c5a289 sa=020000000001
[SV] Packet #39 port A  66 B (wire 66) ts=1790921116.896986
[BR] A FILTER  66 B  da=020000000001 sa=badc18c5a289
[SV] Packet #40 port A  2048 B (wire 30138) ts=1790921116.896989
[BR] A FILTER  2048 B  da=badc18c5a289 sa=020000000001
[SV] Packet #41 port A  2048 B (wire 65226) ts=1790921116.896992
[BR] A FILTER  2048 B  da=badc18c5a289 sa=020000000001
[SV] Packet #42 port A  2048 B (wire 52194) ts=1790921116.896994
[BR] A FILTER  2048 B  da=badc18c5a289 sa=020000000001
[SV] Packet #43 port A  66 B (wire 66) ts=1790921116.897026
[BR] A FILTER  66 B  da=020000000001 sa=badc18c5a289
[SV] Packet #44 port A  2048 B (wire 65226) ts=1790921116.897047
[BR] A FILTER  2048 B  da=badc18c5a289 sa=020000000001
[SV] Packet #45 port A  66 B (wire 66) ts=1790921116.897076
[BR] A FILTER  66 B  da=020000000001 sa=badc18c5a289
[SV] Packet #46 port A  2048 B (wire 36282) ts=1790921116.897079
[BR] A FILTER  2048 B  da=badc18c5a289 sa=020000000001
[SV] Packet #47 port A  2048 B (wire 65226) ts=1790921116.897082
[BR] A FILTER  2048 B  da=badc18c5a289 sa=020000000001
[SV] Packet #48 port A  66 B (wire 66) ts=1790921116.897114
[BR] A FILTER  66 B  da=020000000001 sa=badc18c5a289
[SV] Packet #49 port A  2048 B (wire 56386) ts=1790921116.897119
[BR] A FILTER  2048 B  da=badc18c5a289 sa=020000000001
[SV] Packet #50 port A  66 B (wire 66) ts=1790921116.897160
[BR] A FILTER  66 B  da=020000000001 sa=badc18c5a289
[SV] Packet #51 port A  2048 B (wire 65226) ts=1790921116.897162
[BR] A FILTER  2048 B  da=badc18c5a289 sa=020000000001
[SV] Packet #52 port A  2048 B (wire 33210) ts=1790921116.897163
[BR] A FILTER  2048 B  da=badc18c5a289 sa=020000000001
[SV] Packet #53 port A  66 B (wire 66) ts=1790921116.897171
[BR] A FILTER  66 B  da=020000000001 sa=badc18c5a289
[SV] Packet #54 port A  66 B (wire 66) ts=1790921116.897175
[BR] A FILTER  66 B  da=020000000001 sa=badc18c5a289
[SV] Packet #55 port A  2048 B (wire 65226) ts=1790921116.897176
[BR] A FILTER  2048 B  da=badc18c5a289 sa=020000000001
[SV] Packet #56 port A  2048 B (wire 65226) ts=1790921116.897177
[BR] A FILTER  2048 B  da=badc18c5a289 sa=020000000001
[SV] Packet #57 port A  2048 B (wire 18226) ts=1790921116.897178
[BR] A FILTER  2048 B  da=badc18c5a289 sa=020000000001
[SV] Packet #58 port A  66 B (wire 66) ts=1790921116.897185
[BR] A FILTER  66 B  da=020000000001 sa=badc18c5a289
[SV] Packet #59 port A  2048 B (wire 65226) ts=1790921116.897187
[BR] A FILTER  2048 B  da=badc18c5a289 sa=020000000001
[SV] Packet #60 port A  2048 B (wire 65226) ts=1790921116.897189
[BR] A FILTER  2048 B  da=badc18c5a289 sa=020000000001
[SV] Packet #61 port A  2048 B (wire 18226) ts=1790921116.897190
[BR] A FILTER  2048 B  da=badc18c5a289 sa=020000000001
[SV] Packet #62 port A  66 B (wire 66) ts=1790921116.897193
[BR] A FILTER  66 B  da=020000000001 sa=badc18c5a289
[SV] Packet #63 port A  2048 B (wire 65226) ts=1790921116.897195
[BR] A FILTER  2048 B  da=badc18c5a289 sa=020000000001
[SV] Packet #64 port A  2048 B (wire 65226) ts=1790921116.897196
[BR] A FILTER  2048 B  da=badc18c5a289 sa=020000000001

[SV] Simulation finished. File=ns1_iperf.pcap  Streamed 64 packets.
[BR] rx_a=64  rx_b=0  tx_a=0  tx_b=1  flood=1  fwd=0  filter=63  drop=0  byte_mis=0  mis=0
- hdl/tb_l2br.sv:554: Verilog $finish
- S i m u l a t i o n   R e p o r t: Verilator 5.032 2025-01-01
- Verilator: $finish at 1ms; walltime 1.825 s; speed 663.006 us/s
- Verilator: cpu 1.815 s on 1 threads; alloced 25 MB
